------------------------------------------------------------
Timing Analyzer Summary
------------------------------------------------------------

Type  : Slow 1200mV 85C Model Setup 'clk'
Slack : -70.937
TNS   : -7380.204

Type  : Slow 1200mV 85C Model Hold 'clk'
Slack : 0.309
TNS   : 0.000

Type  : Slow 1200mV 85C Model Minimum Pulse Width 'clk'
Slack : -3.000
TNS   : -324.386

Type  : Slow 1200mV 85C Model Minimum Pulse Width 'motion'
Slack : -3.000
TNS   : -4.222

Type  : Slow 1200mV 0C Model Setup 'clk'
Slack : -64.335
TNS   : -6680.669

Type  : Slow 1200mV 0C Model Hold 'clk'
Slack : 0.280
TNS   : 0.000

Type  : Slow 1200mV 0C Model Minimum Pulse Width 'clk'
Slack : -3.000
TNS   : -324.386

Type  : Slow 1200mV 0C Model Minimum Pulse Width 'motion'
Slack : -3.000
TNS   : -4.222

Type  : Fast 1200mV 0C Model Setup 'clk'
Slack : -33.548
TNS   : -3425.780

Type  : Fast 1200mV 0C Model Hold 'clk'
Slack : 0.141
TNS   : 0.000

Type  : Fast 1200mV 0C Model Minimum Pulse Width 'clk'
Slack : -3.000
TNS   : -275.586

Type  : Fast 1200mV 0C Model Minimum Pulse Width 'motion'
Slack : -3.000
TNS   : -4.140

------------------------------------------------------------
